2026-04-11 19:57:04,772  INFO  Aujourd'hui c'est Saturday — pas lundi.
2026-04-11 19:57:04,772  INFO  Utilise --force pour forcer le run.
2026-04-13 08:20:24,897  INFO  
=======================================================
2026-04-13 08:20:24,897  INFO    WEEKLY REBALANCE
2026-04-13 08:20:24,897  INFO    Monday 13 April 2026
2026-04-13 08:20:24,899  INFO    Mode: LIVE PAPER
2026-04-13 08:20:24,899  INFO  =======================================================
2026-04-13 08:20:24,899  INFO  
=======================================================
2026-04-13 08:20:24,900  INFO    Etape 1/3 — Mise a jour des donnees S&P 500
2026-04-13 08:20:24,902  INFO  =======================================================
2026-04-13 08:20:42,589  INFO    OK
2026-04-13 08:20:42,589  INFO  
=======================================================
2026-04-13 08:20:42,589  INFO    Etapes 2+3/3 — Signaux + Ordres IBKR
2026-04-13 08:20:42,589  INFO  =======================================================
2026-04-13 08:23:59,331  INFO    OK
2026-04-13 08:23:59,334  INFO  
=======================================================
2026-04-13 08:23:59,334  INFO    REBALANCEMENT TERMINE
2026-04-13 08:23:59,355  INFO    Ordres passes sur IBKR paper trading
2026-04-13 08:23:59,360  INFO    Logs : outputs\paper_trading/
2026-04-13 08:23:59,363  INFO  =======================================================

2026-04-13 08:27:55,769  INFO  
=======================================================
2026-04-13 08:27:55,769  INFO    WEEKLY REBALANCE
2026-04-13 08:27:55,769  INFO    Monday 13 April 2026
2026-04-13 08:27:55,769  INFO    Mode: LIVE PAPER
2026-04-13 08:27:55,769  INFO  =======================================================
2026-04-13 08:27:55,769  INFO  
=======================================================
2026-04-13 08:27:55,769  INFO    Etape 1/3 — Mise a jour des donnees S&P 500
2026-04-13 08:27:55,769  INFO  =======================================================
2026-04-13 08:28:09,186  INFO    OK
2026-04-13 08:28:09,186  INFO  
=======================================================
2026-04-13 08:28:09,186  INFO    Etapes 2+3/3 — Signaux + Ordres IBKR
2026-04-13 08:28:09,186  INFO  =======================================================
2026-04-13 08:53:00,863  INFO  
=======================================================
2026-04-13 08:53:00,863  INFO    WEEKLY REBALANCE
2026-04-13 08:53:00,863  INFO    Monday 13 April 2026
2026-04-13 08:53:00,872  INFO    Mode: LIVE PAPER
2026-04-13 08:53:00,872  INFO  =======================================================
2026-04-13 08:53:00,872  INFO  
=======================================================
2026-04-13 08:53:00,872  INFO    Etape 1/3 — Mise a jour des donnees S&P 500
2026-04-13 08:53:00,872  INFO  =======================================================
2026-04-13 09:04:11,419  INFO    OK
2026-04-13 09:04:11,419  INFO  
=======================================================
2026-04-13 09:04:11,419  INFO    Etapes 2+3/3 — Signaux + Ordres IBKR
2026-04-13 09:04:11,420  INFO  =======================================================
2026-04-13 09:06:01,782  INFO    OK
2026-04-13 09:06:01,783  INFO  
=======================================================
2026-04-13 09:06:01,783  INFO    REBALANCEMENT TERMINE
2026-04-13 09:06:01,784  INFO    Ordres passes sur IBKR paper trading
2026-04-13 09:06:01,784  INFO    Logs : outputs\paper_trading/
2026-04-13 09:06:01,784  INFO  =======================================================

2026-04-13 09:10:59,498  INFO  
=======================================================
2026-04-13 09:10:59,498  INFO    WEEKLY REBALANCE
2026-04-13 09:10:59,499  INFO    Monday 13 April 2026
2026-04-13 09:10:59,499  INFO    Mode: DRY RUN
2026-04-13 09:10:59,499  INFO  =======================================================
2026-04-13 09:10:59,499  INFO  
=======================================================
2026-04-13 09:10:59,499  INFO    Etape 1/3 - Mise a jour des donnees S&P 500
2026-04-13 09:10:59,502  INFO  =======================================================
2026-04-13 09:11:27,706  INFO    OK
2026-04-13 09:11:27,706  INFO  
=======================================================
2026-04-13 09:11:27,706  INFO    Etapes 2+3/3 - Signaux + Ordres IBKR
2026-04-13 09:11:27,706  INFO  =======================================================
2026-04-13 09:12:06,333  INFO    OK
2026-04-13 09:12:06,333  INFO  
=======================================================
2026-04-13 09:12:06,333  INFO    REBALANCEMENT TERMINE
2026-04-13 09:12:06,333  INFO    Mode DRY RUN — aucun ordre passe
2026-04-13 09:12:06,333  INFO    Logs : outputs\paper_trading/
2026-04-13 09:12:06,338  INFO  =======================================================

2026-04-13 09:13:13,107  INFO  
=======================================================
2026-04-13 09:13:13,107  INFO    WEEKLY REBALANCE
2026-04-13 09:13:13,107  INFO    Monday 13 April 2026
2026-04-13 09:13:13,111  INFO    Mode: DRY RUN
2026-04-13 09:13:13,111  INFO  =======================================================
2026-04-13 09:13:13,111  INFO  
Etape 1/3 — Mise a jour des donnees : IGNOREE (--skip-update)
2026-04-13 09:13:13,111  INFO  
=======================================================
2026-04-13 09:13:13,111  INFO    Etapes 2+3/3 - Signaux + Ordres IBKR
2026-04-13 09:13:13,111  INFO  =======================================================
2026-04-13 09:13:49,350  INFO    OK
2026-04-13 09:13:49,356  INFO  
=======================================================
2026-04-13 09:13:49,356  INFO    REBALANCEMENT TERMINE
2026-04-13 09:13:49,356  INFO    Mode DRY RUN — aucun ordre passe
2026-04-13 09:13:49,356  INFO    Logs : outputs\paper_trading/
2026-04-13 09:13:49,356  INFO  =======================================================

2026-04-20 18:17:37,795  INFO  
=======================================================
2026-04-20 18:17:37,797  INFO    WEEKLY REBALANCE
2026-04-20 18:17:37,797  INFO    Monday 20 April 2026
2026-04-20 18:17:37,797  INFO    Mode: LIVE PAPER
2026-04-20 18:17:37,797  INFO  =======================================================
2026-04-20 18:17:37,799  INFO  
=======================================================
2026-04-20 18:17:37,799  INFO    Etape 1/3 - Mise a jour des donnees S&P 500
2026-04-20 18:17:37,801  INFO  =======================================================
2026-04-20 18:21:49,165  INFO    OK
2026-04-20 18:21:49,165  INFO  
=======================================================
2026-04-20 18:21:49,165  INFO    Etapes 2+3/3 - Signaux + Ordres IBKR
2026-04-20 18:21:49,165  INFO  =======================================================
2026-04-20 18:23:07,882  INFO    OK
2026-04-20 18:23:07,882  INFO  
=======================================================
2026-04-20 18:23:07,883  INFO    REBALANCEMENT TERMINE
2026-04-20 18:23:07,883  INFO    Ordres passes sur IBKR paper trading
2026-04-20 18:23:07,883  INFO    Logs : outputs\paper_trading/
2026-04-20 18:23:07,883  INFO  =======================================================

2026-05-25 13:10:23,302  INFO  
=======================================================
2026-05-25 13:10:23,302  INFO    WEEKLY REBALANCE
2026-05-25 13:10:23,302  INFO    Monday 25 May 2026
2026-05-25 13:10:23,302  INFO    Mode: LIVE PAPER
2026-05-25 13:10:23,302  INFO  =======================================================
2026-05-25 13:10:23,302  INFO  
=======================================================
2026-05-25 13:10:23,302  INFO    Etape 1/3 - Mise a jour des donnees S&P 500
2026-05-25 13:10:23,308  INFO  =======================================================
2026-05-25 13:10:27,311  ERROR    FAILED (exit code 1)
2026-05-25 13:10:27,311  WARNING    Mise a jour echouee — on continue avec les donnees existantes
2026-05-25 13:10:27,311  INFO  
=======================================================
2026-05-25 13:10:27,311  INFO    Etapes 2+3/3 - Signaux + Ordres IBKR
2026-05-25 13:10:27,311  INFO  =======================================================
2026-05-25 13:10:56,263  INFO  
=======================================================
2026-05-25 13:10:56,263  INFO    WEEKLY REBALANCE
2026-05-25 13:10:56,263  INFO    Monday 25 May 2026
2026-05-25 13:10:56,265  INFO    Mode: LIVE PAPER
2026-05-25 13:10:56,265  INFO  =======================================================
2026-05-25 13:10:56,265  INFO  
=======================================================
2026-05-25 13:10:56,265  INFO    Etape 1/3 - Mise a jour des donnees S&P 500
2026-05-25 13:10:56,265  INFO  =======================================================
2026-05-25 13:10:57,898  ERROR    FAILED (exit code 1)
2026-05-25 13:10:57,898  WARNING    Mise a jour echouee — on continue avec les donnees existantes
2026-05-25 13:10:57,898  INFO  
=======================================================
2026-05-25 13:10:57,898  INFO    Etapes 2+3/3 - Signaux + Ordres IBKR
2026-05-25 13:10:57,898  INFO  =======================================================
2026-05-25 13:11:42,730  INFO  
=======================================================
2026-05-25 13:11:42,730  INFO    WEEKLY REBALANCE
2026-05-25 13:11:42,730  INFO    Monday 25 May 2026
2026-05-25 13:11:42,730  INFO    Mode: LIVE PAPER
2026-05-25 13:11:42,730  INFO  =======================================================
2026-05-25 13:11:42,730  INFO  
=======================================================
2026-05-25 13:11:42,730  INFO    Etape 1/3 - Mise a jour des donnees S&P 500
2026-05-25 13:11:42,730  INFO  =======================================================
2026-05-25 13:16:09,285  INFO    OK
2026-05-25 13:16:09,286  INFO  
=======================================================
2026-05-25 13:16:09,286  INFO    Etapes 2+3/3 - Signaux + Ordres IBKR
2026-05-25 13:16:09,286  INFO  =======================================================
2026-05-25 13:16:39,152  ERROR    FAILED (exit code 1)
2026-05-25 13:16:39,152  ERROR    Execution echouee
2026-05-25 13:48:34,467  INFO  
=======================================================
2026-05-25 13:48:34,470  INFO    WEEKLY REBALANCE
2026-05-25 13:48:34,470  INFO    Monday 25 May 2026
2026-05-25 13:48:34,470  INFO    Mode: LIVE PAPER
2026-05-25 13:48:34,470  INFO  =======================================================
2026-05-25 13:48:34,470  INFO  
=======================================================
2026-05-25 13:48:34,470  INFO    Etape 1/3 - Mise a jour des donnees S&P 500
2026-05-25 13:48:34,470  INFO  =======================================================
2026-05-25 13:48:54,781  INFO    OK
2026-05-25 13:48:54,781  INFO  
=======================================================
2026-05-25 13:48:54,781  INFO    Etapes 2+3/3 - Signaux + Ordres IBKR
2026-05-25 13:48:54,781  INFO  =======================================================
2026-05-25 13:50:04,198  INFO    OK
2026-05-25 13:50:04,198  INFO  
=======================================================
2026-05-25 13:50:04,199  INFO    REBALANCEMENT TERMINE
2026-05-25 13:50:04,200  INFO    Ordres passes sur IBKR paper trading
2026-05-25 13:50:04,200  INFO    Logs : outputs\paper_trading/
2026-05-25 13:50:04,200  INFO  =======================================================

2026-06-01 19:30:04,311  INFO  
=======================================================
2026-06-01 19:30:04,311  INFO    WEEKLY REBALANCE
2026-06-01 19:30:04,311  INFO    Monday 01 June 2026
2026-06-01 19:30:04,311  INFO    Mode: LIVE PAPER
2026-06-01 19:30:04,311  INFO  =======================================================
2026-06-01 19:30:04,311  INFO  
=======================================================
2026-06-01 19:30:04,311  INFO    Etape 1/3 - Mise a jour des donnees S&P 500
2026-06-01 19:30:04,311  INFO  =======================================================
2026-06-01 19:31:56,937  INFO  
=======================================================
2026-06-01 19:31:56,937  INFO    WEEKLY REBALANCE
2026-06-01 19:31:56,937  INFO    Monday 01 June 2026
2026-06-01 19:31:56,937  INFO    Mode: LIVE PAPER
2026-06-01 19:31:56,937  INFO  =======================================================
2026-06-01 19:31:56,937  INFO  
=======================================================
2026-06-01 19:31:56,937  INFO    Etape 1/3 - Mise a jour des donnees S&P 500
2026-06-01 19:31:56,937  INFO  =======================================================
2026-06-01 19:31:56,956  ERROR    FAILED (exit code 1)
2026-06-01 19:31:56,957  WARNING    Mise a jour echouee — on continue avec les donnees existantes
2026-06-01 19:31:56,957  INFO  
=======================================================
2026-06-01 19:31:56,957  INFO    Etapes 2+3/3 - Signaux + Ordres IBKR
2026-06-01 19:31:56,957  INFO  =======================================================
2026-06-01 19:32:45,574  INFO  
=======================================================
2026-06-01 19:32:45,574  INFO    WEEKLY REBALANCE
2026-06-01 19:32:45,574  INFO    Monday 01 June 2026
2026-06-01 19:32:45,574  INFO    Mode: LIVE PAPER
2026-06-01 19:32:45,574  INFO  =======================================================
2026-06-01 19:32:45,574  INFO  
=======================================================
2026-06-01 19:32:45,574  INFO    Etape 1/3 - Mise a jour des donnees S&P 500
2026-06-01 19:32:45,574  INFO  =======================================================
2026-06-01 19:33:47,769  INFO  
=======================================================
2026-06-01 19:33:47,769  INFO    WEEKLY REBALANCE
2026-06-01 19:33:47,769  INFO    Monday 01 June 2026
2026-06-01 19:33:47,769  INFO    Mode: LIVE PAPER
2026-06-01 19:33:47,769  INFO  =======================================================
2026-06-01 19:33:47,769  INFO  
=======================================================
2026-06-01 19:33:47,769  INFO    Etape 1/3 - Mise a jour des donnees S&P 500
2026-06-01 19:33:47,769  INFO  =======================================================
2026-06-01 19:36:22,946  INFO    OK
2026-06-01 19:36:22,946  INFO  
=======================================================
2026-06-01 19:36:22,946  INFO    Etapes 2+3/3 - Signaux + Ordres IBKR
2026-06-01 19:36:22,946  INFO  =======================================================
2026-06-01 19:36:57,700  INFO    OK
2026-06-01 19:36:57,700  INFO  
=======================================================
2026-06-01 19:36:57,700  INFO    REBALANCEMENT TERMINE
2026-06-01 19:36:57,700  INFO    Ordres passes sur IBKR paper trading
2026-06-01 19:36:57,700  INFO    Logs : outputs/paper_trading/
2026-06-01 19:36:57,700  INFO  =======================================================

2026-06-08 06:33:57,448  INFO  
=======================================================
2026-06-08 06:33:57,448  INFO    WEEKLY REBALANCE
2026-06-08 06:33:57,448  INFO    Monday 08 June 2026
2026-06-08 06:33:57,448  INFO    Mode: LIVE PAPER
2026-06-08 06:33:57,448  INFO  =======================================================
2026-06-08 06:33:57,448  INFO  
=======================================================
2026-06-08 06:33:57,448  INFO    Etape 1/3 - Mise a jour des donnees S&P 500
2026-06-08 06:33:57,448  INFO  =======================================================
2026-06-08 06:40:24,531  INFO    OK
2026-06-08 06:40:24,531  INFO  
=======================================================
2026-06-08 06:40:24,531  INFO    Etapes 2+3/3 - Signaux + Ordres IBKR
2026-06-08 06:40:24,531  INFO  =======================================================
2026-06-08 06:41:27,462  INFO    OK
2026-06-08 06:41:27,462  INFO  
=======================================================
2026-06-08 06:41:27,462  INFO    REBALANCEMENT TERMINE
2026-06-08 06:41:27,462  INFO    Ordres passes sur IBKR paper trading
2026-06-08 06:41:27,462  INFO    Logs : outputs/paper_trading/
2026-06-08 06:41:27,462  INFO  =======================================================

2026-06-15 11:28:40,450  INFO  
=======================================================
2026-06-15 11:28:40,450  INFO    WEEKLY REBALANCE
2026-06-15 11:28:40,450  INFO    Monday 15 June 2026
2026-06-15 11:28:40,450  INFO    Mode: LIVE PAPER
2026-06-15 11:28:40,450  INFO  =======================================================
2026-06-15 11:28:40,450  INFO  
=======================================================
2026-06-15 11:28:40,450  INFO    Etape 1/3 - Mise a jour des donnees S&P 500
2026-06-15 11:28:40,450  INFO  =======================================================
2026-06-15 11:32:30,284  INFO    OK
2026-06-15 11:32:30,284  INFO  
=======================================================
2026-06-15 11:32:30,284  INFO    Etapes 2+3/3 - Signaux + Ordres IBKR
2026-06-15 11:32:30,284  INFO  =======================================================
2026-06-15 11:33:22,277  INFO    OK
2026-06-15 11:33:22,277  INFO  
=======================================================
2026-06-15 11:33:22,277  INFO    REBALANCEMENT TERMINE
2026-06-15 11:33:22,277  INFO    Ordres passes sur IBKR paper trading
2026-06-15 11:33:22,277  INFO    Logs : outputs/paper_trading/
2026-06-15 11:33:22,277  INFO  =======================================================

2026-06-22 13:49:43,650  INFO  
=======================================================
2026-06-22 13:49:43,651  INFO    WEEKLY REBALANCE
2026-06-22 13:49:43,651  INFO    Monday 22 June 2026
2026-06-22 13:49:43,651  INFO    Mode: LIVE PAPER
2026-06-22 13:49:43,651  INFO  =======================================================
2026-06-22 13:49:43,651  INFO  
=======================================================
2026-06-22 13:49:43,651  INFO    Etape 1/3 - Mise a jour des donnees S&P 500
2026-06-22 13:49:43,651  INFO  =======================================================
2026-06-22 13:53:30,435  INFO    OK
2026-06-22 13:53:30,435  INFO  
=======================================================
2026-06-22 13:53:30,435  INFO    Etapes 2+3/3 - Signaux + Ordres IBKR
2026-06-22 13:53:30,435  INFO  =======================================================
2026-06-22 13:54:06,427  INFO    OK
2026-06-22 13:54:06,427  INFO  
=======================================================
2026-06-22 13:54:06,427  INFO    REBALANCEMENT TERMINE
2026-06-22 13:54:06,427  INFO    Ordres passes sur IBKR paper trading
2026-06-22 13:54:06,427  INFO    Logs : outputs/paper_trading/
2026-06-22 13:54:06,427  INFO  =======================================================

2026-06-29 13:44:07,290  INFO  
=======================================================
2026-06-29 13:44:07,290  INFO    WEEKLY REBALANCE
2026-06-29 13:44:07,290  INFO    Monday 29 June 2026
2026-06-29 13:44:07,290  INFO    Mode: LIVE PAPER
2026-06-29 13:44:07,290  INFO  =======================================================
2026-06-29 13:44:07,290  INFO  
=======================================================
2026-06-29 13:44:07,290  INFO    Etape 1/3 - Mise a jour des donnees S&P 500
2026-06-29 13:44:07,290  INFO  =======================================================
2026-06-29 13:48:20,781  INFO    OK
2026-06-29 13:48:20,781  INFO  
=======================================================
2026-06-29 13:48:20,781  INFO    Etapes 2+3/3 - Signaux + Ordres IBKR
2026-06-29 13:48:20,781  INFO  =======================================================
2026-06-29 13:48:55,654  INFO    OK
2026-06-29 13:48:55,654  INFO  
=======================================================
2026-06-29 13:48:55,654  INFO    REBALANCEMENT TERMINE
2026-06-29 13:48:55,654  INFO    Ordres passes sur IBKR paper trading
2026-06-29 13:48:55,654  INFO    Logs : outputs/paper_trading/
2026-06-29 13:48:55,654  INFO  =======================================================

